  Determining projects to restore...
C:\Users\chpie\OneDrive\Desktop\Final project\SmartVest\SmartVestFinancialAdvisor\SmartVestFinancialAdvisor\SmartVestFinancialAdvisor.csproj : warning NU1510: PackageReference System.Text.Json will not be pruned. Consider removing this package from your dependencies, as it is likely unnecessary. [C:\Users\chpie\OneDrive\Desktop\Final project\SmartVest\SmartVestFinancialAdvisor\SmartVestFinancialAdvisor.slnx]
  All projects are up-to-date for restore.
C:\Users\chpie\OneDrive\Desktop\Final project\SmartVest\SmartVestFinancialAdvisor\SmartVestFinancialAdvisor\SmartVestFinancialAdvisor.csproj : warning NU1510: PackageReference System.Text.Json will not be pruned. Consider removing this package from your dependencies, as it is likely unnecessary.
C:\Users\chpie\OneDrive\Desktop\Final project\SmartVest\SmartVestFinancialAdvisor\SmartVestFinancialAdvisor\Program.cs(3,1): error CS8300: Merge conflict marker encountered [C:\Users\chpie\OneDrive\Desktop\Final project\SmartVest\SmartVestFinancialAdvisor\SmartVestFinancialAdvisor\SmartVestFinancialAdvisor.csproj]
C:\Users\chpie\OneDrive\Desktop\Final project\SmartVest\SmartVestFinancialAdvisor\SmartVestFinancialAdvisor\Program.cs(11,1): error CS8300: Merge conflict marker encountered [C:\Users\chpie\OneDrive\Desktop\Final project\SmartVest\SmartVestFinancialAdvisor\SmartVestFinancialAdvisor\SmartVestFinancialAdvisor.csproj]
C:\Users\chpie\OneDrive\Desktop\Final project\SmartVest\SmartVestFinancialAdvisor\SmartVestFinancialAdvisor\Program.cs(13,1): error CS8300: Merge conflict marker encountered [C:\Users\chpie\OneDrive\Desktop\Final project\SmartVest\SmartVestFinancialAdvisor\SmartVestFinancialAdvisor\SmartVestFinancialAdvisor.csproj]

Build FAILED.

C:\Users\chpie\OneDrive\Desktop\Final project\SmartVest\SmartVestFinancialAdvisor\SmartVestFinancialAdvisor\SmartVestFinancialAdvisor.csproj : warning NU1510: PackageReference System.Text.Json will not be pruned. Consider removing this package from your dependencies, as it is likely unnecessary. [C:\Users\chpie\OneDrive\Desktop\Final project\SmartVest\SmartVestFinancialAdvisor\SmartVestFinancialAdvisor.slnx]
C:\Users\chpie\OneDrive\Desktop\Final project\SmartVest\SmartVestFinancialAdvisor\SmartVestFinancialAdvisor\SmartVestFinancialAdvisor.csproj : warning NU1510: PackageReference System.Text.Json will not be pruned. Consider removing this package from your dependencies, as it is likely unnecessary.
C:\Users\chpie\OneDrive\Desktop\Final project\SmartVest\SmartVestFinancialAdvisor\SmartVestFinancialAdvisor\Program.cs(3,1): error CS8300: Merge conflict marker encountered [C:\Users\chpie\OneDrive\Desktop\Final project\SmartVest\SmartVestFinancialAdvisor\SmartVestFinancialAdvisor\SmartVestFinancialAdvisor.csproj]
C:\Users\chpie\OneDrive\Desktop\Final project\SmartVest\SmartVestFinancialAdvisor\SmartVestFinancialAdvisor\Program.cs(11,1): error CS8300: Merge conflict marker encountered [C:\Users\chpie\OneDrive\Desktop\Final project\SmartVest\SmartVestFinancialAdvisor\SmartVestFinancialAdvisor\SmartVestFinancialAdvisor.csproj]
C:\Users\chpie\OneDrive\Desktop\Final project\SmartVest\SmartVestFinancialAdvisor\SmartVestFinancialAdvisor\Program.cs(13,1): error CS8300: Merge conflict marker encountered [C:\Users\chpie\OneDrive\Desktop\Final project\SmartVest\SmartVestFinancialAdvisor\SmartVestFinancialAdvisor\SmartVestFinancialAdvisor.csproj]
    2 Warning(s)
    3 Error(s)

Time Elapsed 00:00:01.80
